[backblue.gif]
[fade.gif]
[index.html]
[www.iisermohali.ac.in/web/foundation-day/flask.ico]
[www.iisermohali.ac.in/web/foundation-day/index.html]
[www.iisermohali.ac.in/web/foundation-day/js/modernizr-2.6.2.min.js]
[www.iisermohali.ac.in/web/foundation-day/images/headerW.png]
[www.iisermohali.ac.in/web/foundation-day/images/HomEdit.jpg]
[www.iisermohali.ac.in/web/foundation-day/images/arts.jpg]
[www.iisermohali.ac.in/web/foundation-day/images/quiz.jpg]
[www.iisermohali.ac.in/web/foundation-day/images/Lewin.jpg]
[www.iisermohali.ac.in/web/foundation-day/js/jquery.min.js]
[www.iisermohali.ac.in/web/foundation-day/images/treasure2.jpg]
[www.iisermohali.ac.in/web/foundation-day/js/jquery.easing.1.3.js]
[www.iisermohali.ac.in/web/foundation-day/js/bootstrap.min.js]
[www.iisermohali.ac.in/web/foundation-day/js/jquery.waypoints.min.js]
[www.iisermohali.ac.in/web/foundation-day/js/jquery.stellar.min.js]
[www.iisermohali.ac.in/web/foundation-day/js/superfish.js]
[www.iisermohali.ac.in/web/foundation-day/js/main.js]
[www.iisermohali.ac.in/web/foundation-day/js/hoverIntent.js]
[fonts.googleapis.com/css5111.css]
[fonts.googleapis.com/css5111.css]
[www.iisermohali.ac.in/web/foundation-day/css/animate.css]
[www.iisermohali.ac.in/web/foundation-day/css/icomoon.css]
[www.iisermohali.ac.in/web/foundation-day/css/bootstrap2.0.css]
[www.iisermohali.ac.in/web/foundation-day/css/superfish2.0.css]
[www.iisermohali.ac.in/web/foundation-day/css/style2.0.css]
[www.iisermohali.ac.in/web/foundation-day/about.html]
[www.iisermohali.ac.in/web/foundation-day/fonts/bootstrap/glyphicons-halflings-regulard41d.eot]
[www.iisermohali.ac.in/web/foundation-day/fonts/bootstrap/glyphicons-halflings-regular.eot]
[www.iisermohali.ac.in/web/foundation-day/fonts/bootstrap/glyphicons-halflings-regular.woff]
[www.iisermohali.ac.in/web/foundation-day/fonts/bootstrap/glyphicons-halflings-regular.ttf]
[www.iisermohali.ac.in/web/foundation-day/fonts/icomoon/icomoona57c.eot]
[www.iisermohali.ac.in/web/foundation-day/fonts/icomoon/icomoona57c.ttf]
[www.iisermohali.ac.in/web/foundation-day/fonts/icomoon/icomoona57c.woff]
[fonts.googleapis.com/css29bd.css]
[fonts.googleapis.com/cssaa44.css]
[www.iisermohali.ac.in/web/foundation-day/events.html]
[www.iisermohali.ac.in/web/foundation-day/gallery.html]
[www.iisermohali.ac.in/web/foundation-day/faculty.html]
[www.iisermohali.ac.in/web/foundation-day/students.html]
[www.iisermohali.ac.in/web/foundation-day/contact.html]
[www.iisermohali.ac.in/web/foundation-day/css/fonts/icomoon6029.html]
[www.iisermohali.ac.in/web/foundation-day/css/fonts/icomoon6029-2.html]
[www.iisermohali.ac.in/web/foundation-day/css/fonts/icomoon6029-3.html]
[www.iisermohali.ac.in/web/foundation-day/css/fonts/icomoon6029-4.html]
[www.iisermohali.ac.in/web/foundation-day/fonts/bootstrap/glyphicons-halflings-regular.html]
[www.iisermohali.ac.in/web/foundation-day/images/gallery-images/12.jpg]
[www.iisermohali.ac.in/web/foundation-day/images/hunt.jpg]
[www.iisermohali.ac.in/web/foundation-day/js/events/modernizr-2.6.2.min.js]
[www.iisermohali.ac.in/web/foundation-day/images/MM.jpg]
[www.iisermohali.ac.in/web/foundation-day/images/RIA.jpg]
[www.iisermohali.ac.in/web/foundation-day/images/origami.jpg]
[www.iisermohali.ac.in/web/foundation-day/images/surprise1.jpg]
[www.iisermohali.ac.in/web/foundation-day/images/doodle.jpg]
[www.iisermohali.ac.in/web/foundation-day/images/movie.jpg]
[www.iisermohali.ac.in/web/foundation-day/images/LE.jpg]
[www.iisermohali.ac.in/web/foundation-day/js/events/jquery.min.js]
[www.iisermohali.ac.in/web/foundation-day/js/events/jquery.easing.1.3.js]
[www.iisermohali.ac.in/web/foundation-day/js/events/bootstrap.min.js]
[www.iisermohali.ac.in/web/foundation-day/js/events/jquery.waypoints.min.js]
[www.iisermohali.ac.in/web/foundation-day/js/events/jquery.stellar.min.js]
[www.iisermohali.ac.in/web/foundation-day/js/events/hoverIntent.js]
[www.iisermohali.ac.in/web/foundation-day/js/events/superfish.js]
[www.iisermohali.ac.in/web/foundation-day/js/events/main.js]
[www.iisermohali.ac.in/web/foundation-day/images/gallery-images/cover.jpg]
[www.iisermohali.ac.in/web/foundation-day/images/gallery-images/a.jpg]
[www.iisermohali.ac.in/web/foundation-day/images/gallery-images/b.jpg]
[www.iisermohali.ac.in/web/foundation-day/images/gallery-images/c.jpg]
[www.iisermohali.ac.in/web/foundation-day/images/gallery-images/d.jpg]
[www.iisermohali.ac.in/web/foundation-day/images/gallery-images/e.jpg]
[www.iisermohali.ac.in/web/foundation-day/images/gallery-images/f.jpg]
[www.iisermohali.ac.in/web/foundation-day/images/gallery-images/g.jpg]
[www.iisermohali.ac.in/web/foundation-day/images/gallery-images/h.jpg]
[www.iisermohali.ac.in/web/foundation-day/images/gallery-images/i.jpg]
[www.iisermohali.ac.in/web/foundation-day/images/gallery-images/j.jpg]
[www.iisermohali.ac.in/web/foundation-day/images/gallery-images/k.jpg]
[www.iisermohali.ac.in/web/foundation-day/images/gallery-images/l.jpg]
[www.iisermohali.ac.in/web/foundation-day/images/gallery-images/m.jpg]
[www.iisermohali.ac.in/web/foundation-day/images/gallery-images/n.jpg]
[www.iisermohali.ac.in/web/foundation-day/images/gallery-images/o.jpg]
[www.iisermohali.ac.in/web/foundation-day/images/gallery-images/p.jpg]
[www.iisermohali.ac.in/web/foundation-day/images/gallery-images/q.jpg]
[www.iisermohali.ac.in/web/foundation-day/images/gallery-images/r.jpg]
[www.iisermohali.ac.in/web/foundation-day/images/gallery-images/s.jpg]
[www.iisermohali.ac.in/web/foundation-day/images/gallery-images/t.jpg]
[www.iisermohali.ac.in/web/foundation-day/images/gallery-images/u.jpg]
[www.iisermohali.ac.in/web/foundation-day/images/gallery-images/01.jpg]
[www.iisermohali.ac.in/web/foundation-day/images/gallery-images/02.jpg]
[www.iisermohali.ac.in/web/foundation-day/images/gallery-images/03.jpg]
[www.iisermohali.ac.in/web/foundation-day/images/gallery-images/04.jpg]
[www.iisermohali.ac.in/web/foundation-day/images/gallery-images/05.jpg]
[www.iisermohali.ac.in/web/foundation-day/images/gallery-images/07.jpg]
[www.iisermohali.ac.in/web/foundation-day/images/gallery-images/08.jpg]
[www.iisermohali.ac.in/web/foundation-day/images/gallery-images/09.jpg]
[www.iisermohali.ac.in/web/foundation-day/images/gallery-images/10.jpg]
[www.iisermohali.ac.in/web/foundation-day/images/gallery-images/11.jpg]
[www.iisermohali.ac.in/web/foundation-day/images/gallery-images/13.jpg]
[www.iisermohali.ac.in/web/foundation-day/images/gallery-images/14.jpg]
[www.iisermohali.ac.in/web/foundation-day/images/gallery-images/15.jpg]
[www.iisermohali.ac.in/web/foundation-day/images/gallery-images/16.jpg]
[www.iisermohali.ac.in/web/foundation-day/images/gallery-images/17.jpg]
[www.iisermohali.ac.in/web/foundation-day/images/gallery-images/18.jpg]
[www.iisermohali.ac.in/web/foundation-day/images/gallery-images/19.jpg]
[www.iisermohali.ac.in/web/foundation-day/images/gallery-images/20.jpg]
[www.iisermohali.ac.in/web/foundation-day/images/gallery-images/21.jpg]
[www.iisermohali.ac.in/web/foundation-day/fonts/bootstrap/glyphicons-halflings-regular.svg]
[www.iisermohali.ac.in/web/foundation-day/fonts/icomoon/icomoona57c.svg]
[www.iisermohali.ac.in/web/foundation-day/images/hourglass.html]
[www.iisermohali.ac.in/web/foundation-day/css/events/bootstrap.html]
[www.iisermohali.ac.in/web/foundation-day/images/gallery-images/22.jpg]
[www.iisermohali.ac.in/web/foundation-day/images/gallery-images/23.jpg]
[www.iisermohali.ac.in/web/foundation-day/images/gallery-images/24.jpg]
[fonts.googleapis.com/css757b.css]
[www.iisermohali.ac.in/web/foundation-day/images/gallery-images/40.jpg]
[www.iisermohali.ac.in/web/foundation-day/images/gallery-images/41.jpg]
[www.iisermohali.ac.in/web/foundation-day/images/gallery-images/42.jpg]
[www.iisermohali.ac.in/web/foundation-day/images/gallery-images/43.jpg]
[www.iisermohali.ac.in/web/foundation-day/images/gallery-images/44.jpg]
[www.iisermohali.ac.in/web/foundation-day/images/gallery-images/45.jpg]
[www.iisermohali.ac.in/web/foundation-day/images/gallery-images/46.jpg]
[www.iisermohali.ac.in/web/foundation-day/images/gallery-images/47.jpg]
[www.iisermohali.ac.in/web/foundation-day/js/gallery/featherlight.min.js]
[www.iisermohali.ac.in/web/foundation-day/js/gallery/featherlight.gallery.min.js]
[www.iisermohali.ac.in/web/foundation-day/images/team.jpg]
[www.iisermohali.ac.in/web/foundation-day/images/Team/arvind.jpg]
[www.iisermohali.ac.in/web/foundation-day/images/Team/sjena.png]
[www.iisermohali.ac.in/web/foundation-day/images/Team/rachna.jpg]
[www.iisermohali.ac.in/web/foundation-day/images/Team/neeraja.jpg]
[www.iisermohali.ac.in/web/foundation-day/images/gallery-images/25.jpg]
[www.iisermohali.ac.in/web/foundation-day/images/gallery-images/26.jpg]
[www.iisermohali.ac.in/web/foundation-day/images/gallery-images/27.jpg]
[www.iisermohali.ac.in/web/foundation-day/images/Team/angsh.jpg]
[www.iisermohali.ac.in/web/foundation-day/images/Team/kinjal.png]
[www.iisermohali.ac.in/web/foundation-day/images/gallery-images/29.jpg]
[www.iisermohali.ac.in/web/foundation-day/images/gallery-images/30.jpg]
[www.iisermohali.ac.in/web/foundation-day/images/gallery-images/31.jpg]
[www.iisermohali.ac.in/web/foundation-day/images/gallery-images/32.jpg]
[www.iisermohali.ac.in/web/foundation-day/images/gallery-images/33.jpg]
[www.iisermohali.ac.in/web/foundation-day/images/gallery-images/34.jpg]
[www.iisermohali.ac.in/web/foundation-day/images/gallery-images/35.jpg]
[www.iisermohali.ac.in/web/foundation-day/images/gallery-images/36.jpg]
[www.iisermohali.ac.in/web/foundation-day/images/gallery-images/37.jpg]
[www.iisermohali.ac.in/web/foundation-day/images/gallery-images/38.jpg]
[www.iisermohali.ac.in/web/foundation-day/images/gallery-images/39.jpg]
[www.iisermohali.ac.in/web/foundation-day/images/Team/amit.jpg]
[www.iisermohali.ac.in/web/foundation-day/images/Team/rajeshv.jpg]
[www.iisermohali.ac.in/web/foundation-day/images/Team/anoop.jpg]
[www.iisermohali.ac.in/web/foundation-day/images/Team/sreenath.jpg]
[www.iisermohali.ac.in/web/foundation-day/images/Team/sunandini.jpg]
[www.iisermohali.ac.in/web/foundation-day/images/Team/aiswarya.png]
[www.iisermohali.ac.in/web/foundation-day/images/Team/akhil.jpg]
[www.iisermohali.ac.in/web/foundation-day/images/Team/pallavi.jpg]
[www.iisermohali.ac.in/web/foundation-day/images/Team/aavani.jpg]
[www.iisermohali.ac.in/web/foundation-day/images/Team/anjana.jpg]
[www.iisermohali.ac.in/web/foundation-day/images/Team/vishal.jpg]
[www.iisermohali.ac.in/web/foundation-day/images/Team/avinesh.jpg]
[www.iisermohali.ac.in/web/foundation-day/images/Team/aaradhana.jpg]
[www.iisermohali.ac.in/web/foundation-day/images/Team/mirudula.jpg]
[www.iisermohali.ac.in/web/foundation-day/images/Team/amitoj.jpg]
[www.iisermohali.ac.in/web/foundation-day/images/Team/rutvik.jpg]
[www.iisermohali.ac.in/web/foundation-day/images/Team/Vedang Puranik.jpg]
[www.iisermohali.ac.in/web/foundation-day/images/Team/roshan.jpg]
[www.iisermohali.ac.in/web/foundation-day/images/Team/drisha.jpg]
[www.iisermohali.ac.in/web/foundation-day/images/Team/spatika.jpg]
[www.iisermohali.ac.in/web/foundation-day/images/Team/abhishek.jpg]
[www.iisermohali.ac.in/web/foundation-day/images/Team/shruti.jpg]
[www.iisermohali.ac.in/web/foundation-day/images/Team/soumya.jpg]
[www.iisermohali.ac.in/web/foundation-day/images/Team/sanjay.jpg]
[www.iisermohali.ac.in/web/foundation-day/images/Team/karthikey.jpg]
[www.iisermohali.ac.in/web/foundation-day/images/Team/sooraj.jpg]
[www.iisermohali.ac.in/web/foundation-day/images/Team/naman.jpg]
[www.iisermohali.ac.in/web/foundation-day/images/Team/Devang.jpg]
[www.iisermohali.ac.in/web/foundation-day/images/Team/kala.png]
[www.iisermohali.ac.in/web/foundation-day/js/google_map.js]
[www.iisermohali.ac.in/web/foundation-day/images/Team/prathibha.jpg]
[www.iisermohali.ac.in/web/foundation-day/images/Team/paramvir.jpg]
[www.iisermohali.ac.in/web/foundation-day/css/events/font-awesome.css]
[www.iisermohali.ac.in/web/foundation-day/css/events/style.css]
[www.iisermohali.ac.in/web/foundation-day/css/events/animate.css]
[www.iisermohali.ac.in/web/foundation-day/css/events/icomoon.css]
[www.iisermohali.ac.in/web/foundation-day/css/events/bootstrap2.0.css]
[www.iisermohali.ac.in/web/foundation-day/css/events/superfish2.0.css]
[www.iisermohali.ac.in/web/foundation-day/css/events/style2.0.css]
[www.iisermohali.ac.in/web/foundation-day/js/events/jquery-2.1.4.min.html]
[fonts.googleapis.com/css29bd.css]
[fonts.googleapis.com/cssaa44.css]
[fonts.googleapis.com/css757b.css]
[www.iisermohali.ac.in/web/foundation-day/js/events/move-top.html]
[www.iisermohali.ac.in/web/foundation-day/js/events/easing.html]
[www.iisermohali.ac.in/web/foundation-day/css/gallery/gallery1.css]
[www.iisermohali.ac.in/web/foundation-day/css/team/team.css]
[cdnjs.cloudflare.com/ajax/libs/normalize/5.0.0/normalize.min.css]
[maxcdn.bootstrapcdn.com/font-awesome/4.5.0/css/font-awesome.min.css]
[www.iisermohali.ac.in/web/foundation-day/favicon.html]
[www.iisermohali.ac.in/web/foundation-day/css/bootstrap.css]
[www.iisermohali.ac.in/web/foundation-day/drywest/events.html]
[www.iisermohali.ac.in/web/foundation-day/team.html]
[www.iisermohali.ac.in/web/foundation-day/images/homedit.html]
[www.iisermohali.ac.in/web/foundation-day/_www.iisermohali.ac.in/home/others/outreach-program.html]
[www.iisermohali.ac.in/web/foundation-day/css/fonts/fontawesome-webfont5b62.html]
[www.iisermohali.ac.in/web/foundation-day/css/fonts/fontawesome-webfontd41d.html]
[www.iisermohali.ac.in/web/foundation-day/css/fonts/fontawesome-webfont5b62-2.html]
[www.iisermohali.ac.in/web/foundation-day/css/fonts/fontawesome-webfont5b62-3.html]
[www.iisermohali.ac.in/web/foundation-day/css/fonts/fontawesome-webfont5b62-4.html]
[www.iisermohali.ac.in/web/foundation-day/css/fonts/fontawesome-webfont5b62-5.html]
[www.iisermohali.ac.in/web/foundation-day/css/images/banner.html]
[www.iisermohali.ac.in/web/foundation-day/css/images/arr.html]
[www.iisermohali.ac.in/web/foundation-day/css/events/fonts/icomoon6029.html]
[www.iisermohali.ac.in/web/foundation-day/css/events/fonts/icomoon6029-2.html]
[www.iisermohali.ac.in/web/foundation-day/css/events/fonts/icomoon6029-3.html]
[www.iisermohali.ac.in/web/foundation-day/css/events/fonts/icomoon6029-4.html]
[www.iisermohali.ac.in/web/foundation-day/css/fonts/bootstrap/glyphicons-halflings-regular.html]
[www.iisermohali.ac.in/web/foundation-day/css/fonts/bootstrap/glyphicons-halflings-regulard41d.html]
[www.iisermohali.ac.in/web/foundation-day/css/fonts/bootstrap/glyphicons-halflings-regular-2.html]
[www.iisermohali.ac.in/web/foundation-day/css/fonts/bootstrap/glyphicons-halflings-regular-3.html]
[www.iisermohali.ac.in/web/foundation-day/css/fonts/bootstrap/glyphicons-halflings-regular-4.html]
[www.iisermohali.ac.in/web/foundation-day/css/fonts/bootstrap/glyphicons-halflings-regular-5.html]
[www.iisermohali.ac.in/web/foundation-day/css/fonts/icomoon/icomoona57c.html]
[www.iisermohali.ac.in/web/foundation-day/css/fonts/icomoon/icomoona57c-2.html]
[www.iisermohali.ac.in/web/foundation-day/css/fonts/icomoon/icomoona57c-3.html]
[www.iisermohali.ac.in/web/foundation-day/css/fonts/icomoon/icomoona57c-4.html]
[www.iisermohali.ac.in/web/foundation-day/css/images/hourglass.html]
[www.iisermohali.ac.in/web/foundation-day/drywest/js/modernizr-2.6.2.min.js]
[www.iisermohali.ac.in/web/foundation-day/coordinators.pdf]
[www.iisermohali.ac.in/web/foundation-day/drywest/images/quiz.jpg]
[www.iisermohali.ac.in/web/foundation-day/drywest/images/Lewin.jpg]
[www.iisermohali.ac.in/web/foundation-day/drywest/images/THunt.jpg]
[www.iisermohali.ac.in/web/foundation-day/drywest/images/Vdo.jpg]
[www.iisermohali.ac.in/web/foundation-day/drywest/images/summarize.jpg]
[www.iisermohali.ac.in/web/foundation-day/drywest/images/BP.jpg]
[www.iisermohali.ac.in/web/foundation-day/drywest/images/fibo.jpg]
[www.iisermohali.ac.in/web/foundation-day/drywest/images/post.jpg]
[www.iisermohali.ac.in/web/foundation-day/drywest/js/jquery.min.js]
[www.iisermohali.ac.in/web/foundation-day/drywest/js/jquery.easing.1.3.js]
[www.iisermohali.ac.in/web/foundation-day/drywest/js/bootstrap.min.js]
[www.iisermohali.ac.in/web/foundation-day/drywest/js/jquery.waypoints.min.js]
[www.iisermohali.ac.in/web/foundation-day/drywest/js/jquery.stellar.min.js]
[www.iisermohali.ac.in/web/foundation-day/drywest/js/hoverIntent.js]
[www.iisermohali.ac.in/web/foundation-day/drywest/js/superfish.js]
[www.iisermohali.ac.in/web/foundation-day/drywest/js/main.js]
[www.iisermohali.ac.in/web/foundation-day/images/Team/kala.jpg]
[maxcdn.bootstrapcdn.com/font-awesome/4.5.0/fonts/fontawesome-webfont3295.svg]
[maxcdn.bootstrapcdn.com/font-awesome/4.5.0/fonts/fontawesome-webfont3295.svg]
[www.iisermohali.ac.in/web/foundation-day/drywest/css/bootstrap.html]
[www.iisermohali.ac.in/web/foundation-day/drywest/css/font-awesome.css]
[www.iisermohali.ac.in/web/foundation-day/drywest/css/style.css]
[www.iisermohali.ac.in/web/foundation-day/drywest/flask.html]
[www.iisermohali.ac.in/web/foundation-day/drywest/css/animate.css]
[www.iisermohali.ac.in/web/foundation-day/drywest/fonts/fontawesome-webfontd41d.eot]
[www.iisermohali.ac.in/web/foundation-day/drywest/fonts/fontawesome-webfont5b62.woff]
[www.iisermohali.ac.in/web/foundation-day/drywest/fonts/fontawesome-webfont5b62.ttf]
[www.iisermohali.ac.in/web/foundation-day/drywest/images/banner.jpg]
[www.iisermohali.ac.in/web/foundation-day/drywest/fonts/fontawesome-webfont5b62.eot]
[www.iisermohali.ac.in/web/foundation-day/drywest/images/arr.png]
[www.iisermohali.ac.in/web/foundation-day/drywest/css/icomoon.css]
[www.iisermohali.ac.in/web/foundation-day/drywest/css/bootstrap2.0.css]
[www.iisermohali.ac.in/web/foundation-day/drywest/css/superfish2.0.css]
[www.iisermohali.ac.in/web/foundation-day/drywest/css/style2.0.css]
[www.iisermohali.ac.in/web/foundation-day/drywest/js/jquery-2.1.4.min.html]
[www.iisermohali.ac.in/web/foundation-day/drywest/js/move-top.html]
[www.iisermohali.ac.in/web/foundation-day/drywest/js/easing.html]
[www.iisermohali.ac.in/web/foundation-day/drywest/index.html]
[www.iisermohali.ac.in/web/foundation-day/drywest/images/homedit.html]
[www.iisermohali.ac.in/web/foundation-day/images/Team/sunandini.html]
[www.iisermohali.ac.in/web/foundation-day/images/Team/vishal.html]
[www.iisermohali.ac.in/web/foundation-day/images/Team/bulbul.html]
[www.iisermohali.ac.in/web/foundation-day/images/Team/abijit.html]
[www.iisermohali.ac.in/web/foundation-day/images/Team/ardra.html]
[www.iisermohali.ac.in/web/foundation-day/images/Team/vedang.html]
[www.iisermohali.ac.in/web/foundation-day/images/Team/drisha.html]
[www.iisermohali.ac.in/web/foundation-day/images/Team/devang.html]
[www.iisermohali.ac.in/web/foundation-day/images/Team/himanshu.html]
[www.iisermohali.ac.in/web/foundation-day/drywest/fonts/fontawesome-webfont5b62.html]
[www.iisermohali.ac.in/web/foundation-day/drywest/fonts/fontawesome-webfont5b62.svg]
[www.iisermohali.ac.in/web/foundation-day/drywest/css/fonts/icomoon6029.html]
[www.iisermohali.ac.in/web/foundation-day/drywest/css/fonts/icomoon6029-2.html]
[www.iisermohali.ac.in/web/foundation-day/drywest/css/fonts/icomoon6029-3.html]
[www.iisermohali.ac.in/web/foundation-day/drywest/css/fonts/icomoon6029-4.html]
[www.iisermohali.ac.in/web/foundation-day/drywest/fonts/bootstrap/glyphicons-halflings-regular.html]
[www.iisermohali.ac.in/web/foundation-day/drywest/fonts/bootstrap/glyphicons-halflings-regulard41d.html]
[www.iisermohali.ac.in/web/foundation-day/drywest/fonts/bootstrap/glyphicons-halflings-regular-2.html]
[www.iisermohali.ac.in/web/foundation-day/drywest/fonts/bootstrap/glyphicons-halflings-regular-3.html]
[www.iisermohali.ac.in/web/foundation-day/drywest/fonts/bootstrap/glyphicons-halflings-regular-4.html]
[www.iisermohali.ac.in/web/foundation-day/drywest/fonts/bootstrap/glyphicons-halflings-regular-5.html]
[www.iisermohali.ac.in/web/foundation-day/drywest/fonts/icomoon/icomoona57c.html]
[www.iisermohali.ac.in/web/foundation-day/drywest/fonts/icomoon/icomoona57c-2.html]
[www.iisermohali.ac.in/web/foundation-day/drywest/fonts/icomoon/icomoona57c-3.html]
[www.iisermohali.ac.in/web/foundation-day/drywest/fonts/icomoon/icomoona57c-4.html]
[www.iisermohali.ac.in/web/foundation-day/drywest/images/hourglass.html]
